Nothing to build in platform 'system_wrapper'

00:40:28 **** Build of configuration Debug for project axi_flashing_light ****
make all 
make --no-print-directory pre-build
a9-linaro-pre-build-step
' '
make --no-print-directory main-build
'Building file: ../src/main.c'
'Invoking: ARM v7 gcc compiler'
arm-none-eabi-gcc -Wall -O0 -g3 -c -fmessage-length=0 -MT"src/main.o" -mcpu=cortex-a9 -mfpu=vfpv3 -mfloat-abi=hard -IE:/Project/ZynqLearning/code/C/2_AXI_FLASHING_LIGHT/2_AXI_FLASHING_LIGHT.vitis/system_wrapper/export/system_wrapper/sw/system_wrapper/standalone_ps7_cortexa9_0/bspinclude/include -MMD -MP -MF"src/main.d" -MT"src/main.o" -o "src/main.o" "../src/main.c"
'Finished building: ../src/main.c'
' '
'Building target: axi_flashing_light.elf'
'Invoking: ARM v7 gcc linker'
arm-none-eabi-gcc -mcpu=cortex-a9 -mfpu=vfpv3 -mfloat-abi=hard -Wl,-build-id=none -specs=Xilinx.spec -Wl,-T -Wl,../src/lscript.ld -LE:/Project/ZynqLearning/code/C/2_AXI_FLASHING_LIGHT/2_AXI_FLASHING_LIGHT.vitis/system_wrapper/export/system_wrapper/sw/system_wrapper/standalone_ps7_cortexa9_0/bsplib/lib -o "axi_flashing_light.elf"  ./src/main.o   -Wl,--start-group,-lxil,-lgcc,-lc,--end-group
'Finished building target: axi_flashing_light.elf'
' '
'Invoking: ARM v7 Print Size'
arm-none-eabi-size axi_flashing_light.elf  |tee "axi_flashing_light.elf.size"
   text	   data	    bss	    dec	    hex	filename
  18928	   1144	  22568	  42640	   a690	axi_flashing_light.elf
'Finished building: axi_flashing_light.elf.size'
' '
