18:55:31 **** Build of configuration Debug for project gpio_axi ****
make all 
make --no-print-directory pre-build
a9-linaro-pre-build-step
' '
make --no-print-directory main-build
'Building file: ../src/main.c'
'Invoking: ARM v7 gcc compiler'
arm-none-eabi-gcc -Wall -O0 -g3 -c -fmessage-length=0 -MT"src/main.o" -mcpu=cortex-a9 -mfpu=vfpv3 -mfloat-abi=hard -IE:/Project/ZynqLearning/code/C/0_GPIO_AXI/0_GPIO_AXI.vitis/system_wrapper/export/system_wrapper/sw/system_wrapper/standalone_ps7_cortexa9_0/bspinclude/include -MMD -MP -MF"src/main.d" -MT"src/main.o" -o "src/main.o" "../src/main.c"
'Finished building: ../src/main.c'
' '
'Building target: gpio_axi.elf'
'Invoking: ARM v7 gcc linker'
arm-none-eabi-gcc -mcpu=cortex-a9 -mfpu=vfpv3 -mfloat-abi=hard -Wl,-build-id=none -specs=Xilinx.spec -Wl,-T -Wl,../src/lscript.ld -LE:/Project/ZynqLearning/code/C/0_GPIO_AXI/0_GPIO_AXI.vitis/system_wrapper/export/system_wrapper/sw/system_wrapper/standalone_ps7_cortexa9_0/bsplib/lib -o "gpio_axi.elf"  ./src/main.o   -Wl,--start-group,-lxil,-lgcc,-lc,--end-group
'Finished building target: gpio_axi.elf'
' '
'Invoking: ARM v7 Print Size'
arm-none-eabi-size gpio_axi.elf  |tee "gpio_axi.elf.size"
   text	   data	    bss	    dec	    hex	filename
  19974	   1160	  22584	  43718	   aac6	gpio_axi.elf
'Finished building: gpio_axi.elf.size'
' '

18:55:34 Build Finished (took 2s.959ms)

